// Jest Snapshot v1, https://goo.gl/fbAQLP

exports[`should render addExpenspage correctly 1`] = `
<div>
  <h1>
     AddExpensePage 
  </h1>
  <ExpenseForm
    onSubmit={[Function]}
  />
</div>
`;
