// Jest Snapshot v1, https://goo.gl/fbAQLP

exports[`should render expenselist item with empty message 1`] = `
<div>
  <Link
    replace={false}
    to="/edit/1/"
  >
    <h3>
      gum
    </h3>
  </Link>
  <p>
    $1.95
    -
    January1 1st,1970
  </p>
</div>
`;
