// Jest Snapshot v1, https://goo.gl/fbAQLP

exports[`should render expenseList with expenses 1`] = `
<div>
  <ExpenseListItem
    amount={195}
    createdAt={0}
    description="gum"
    id="1"
    key="1"
    note=""
  />
  <ExpenseListItem
    amount={19500}
    createdAt={-345600000}
    description="rent"
    id="2"
    key="2"
    note=""
  />
  <ExpenseListItem
    amount={4500}
    createdAt={345600000}
    description="credit card"
    id="3"
    key="3"
    note=""
  />
</div>
`;

exports[`should render expenselist with empty message 1`] = `
<div>
  <p>
    no expenses
  </p>
</div>
`;
