// Jest Snapshot v1, https://goo.gl/fbAQLP

exports[`should render expenselist item with empty message 1`] = `
<div>
  404-
</div>
`;
